                              1 ;--------------------------------------------------------
                              2 ; File Created by SDCC : free open source ANSI-C Compiler
                              3 ; Version 4.0.0 #11528 (MINGW64)
                              4 ;--------------------------------------------------------
                              5 	.module G2GTerminal
                              6 	.optsdcc -mz80
                              7 	
                              8 ;--------------------------------------------------------
                              9 ; Public variables in this module
                             10 ;--------------------------------------------------------
                             11 	.globl ___SMS__SDSC_signature
                             12 	.globl ___SMS__SDSC_descr
                             13 	.globl ___SMS__SDSC_name
                             14 	.globl ___SMS__SDSC_author
                             15 	.globl ___SMS__SEGA_signature
                             16 	.globl _main
                             17 	.globl _putstring
                             18 	.globl _SMS_VRAMmemsetW
                             19 	.globl _SMS_getKeysPressed
                             20 	.globl _SMS_autoSetUpTextRenderer
                             21 	.globl _GG_setSpritePaletteColor
                             22 	.globl _SMS_copySpritestoSAT
                             23 	.globl _SMS_addSprite
                             24 	.globl _SMS_initSprites
                             25 	.globl _SMS_loadTiles
                             26 	.globl _SMS_crt0_RST18
                             27 	.globl _SMS_crt0_RST08
                             28 	.globl _SMS_waitForVBlank
                             29 	.globl _SMS_useFirstHalfTilesforSprites
                             30 	.globl _SMS_SRAM
                             31 	.globl _SRAM_bank_to_be_mapped_on_slot2
                             32 	.globl _ROM_bank_to_be_mapped_on_slot2
                             33 	.globl _cursor_sprite
                             34 ;--------------------------------------------------------
                             35 ; special function registers
                             36 ;--------------------------------------------------------
                     0001    37 _G2G_IOPinPort	=	0x0001
                     0002    38 _G2G_NMIPort	=	0x0002
                     0003    39 _G2G_TxPort	=	0x0003
                     0004    40 _G2G_RxPort	=	0x0004
                     0005    41 _G2G_StatusPort	=	0x0005
                             42 ;--------------------------------------------------------
                             43 ; ram data
                             44 ;--------------------------------------------------------
                             45 	.area _DATA
                     FFFF    46 _ROM_bank_to_be_mapped_on_slot2	=	0xffff
                     FFFC    47 _SRAM_bank_to_be_mapped_on_slot2	=	0xfffc
                     8000    48 _SMS_SRAM	=	0x8000
                             49 ;--------------------------------------------------------
                             50 ; ram data
                             51 ;--------------------------------------------------------
                             52 	.area _INITIALIZED
                             53 ;--------------------------------------------------------
                             54 ; absolute external ram data
                             55 ;--------------------------------------------------------
                             56 	.area _DABS (ABS)
                             57 ;--------------------------------------------------------
                             58 ; global & static initialisations
                             59 ;--------------------------------------------------------
                             60 	.area _HOME
                             61 	.area _GSINIT
                             62 	.area _GSFINAL
                             63 	.area _GSINIT
                             64 ;--------------------------------------------------------
                             65 ; Home
                             66 ;--------------------------------------------------------
                             67 	.area _HOME
                             68 	.area _HOME
                             69 ;--------------------------------------------------------
                             70 ; code
                             71 ;--------------------------------------------------------
                             72 	.area _CODE
                             73 ;G2GTerminal.c:29: void putstring(uint8_t x, uint8_t y, const char *string)
                             74 ;	---------------------------------
                             75 ; Function putstring
                             76 ; ---------------------------------
   0000                      77 _putstring::
   0000 DD E5         [15]   78 	push	ix
   0002 DD 21 00 00   [14]   79 	ld	ix,#0
   0006 DD 39         [15]   80 	add	ix,sp
                             81 ;G2GTerminal.c:31: SMS_setNextTileatXY(x, y);
   0008 DD 6E 05      [19]   82 	ld	l, 5 (ix)
   000B 26 00         [ 7]   83 	ld	h, #0x00
   000D 29            [11]   84 	add	hl, hl
   000E 29            [11]   85 	add	hl, hl
   000F 29            [11]   86 	add	hl, hl
   0010 29            [11]   87 	add	hl, hl
   0011 29            [11]   88 	add	hl, hl
   0012 DD 4E 04      [19]   89 	ld	c, 4 (ix)
   0015 06 00         [ 7]   90 	ld	b, #0x00
   0017 09            [11]   91 	add	hl, bc
   0018 29            [11]   92 	add	hl, hl
   0019 7C            [ 4]   93 	ld	a, h
   001A F6 78         [ 7]   94 	or	a, #0x78
   001C 67            [ 4]   95 	ld	h, a
   001D CDr00r00      [17]   96 	call	_SMS_crt0_RST08
                             97 ;G2GTerminal.c:32: while (*string)
   0020 DD 4E 06      [19]   98 	ld	c, 6 (ix)
   0023 DD 46 07      [19]   99 	ld	b, 7 (ix)
   0026                     100 00101$:
   0026 0A            [ 7]  101 	ld	a, (bc)
   0027 B7            [ 4]  102 	or	a, a
   0028 28 0D         [12]  103 	jr	Z,00104$
                            104 ;G2GTerminal.c:34: SMS_setTile(*string++ + STRING_OFFSET);
   002A 03            [ 6]  105 	inc	bc
   002B 5F            [ 4]  106 	ld	e, a
   002C 16 00         [ 7]  107 	ld	d, #0x00
   002E 21 E0 FF      [10]  108 	ld	hl, #0xffe0
   0031 19            [11]  109 	add	hl, de
   0032 CDr00r00      [17]  110 	call	_SMS_crt0_RST18
   0035 18 EF         [12]  111 	jr	00101$
   0037                     112 00104$:
                            113 ;G2GTerminal.c:36: }
   0037 DD E1         [14]  114 	pop	ix
   0039 C9            [10]  115 	ret
   003A                     116 _cursor_sprite:
   003A FF                  117 	.db #0xff	; 255
   003B 00                  118 	.db #0x00	; 0
   003C 00                  119 	.db #0x00	; 0
   003D 00                  120 	.db #0x00	; 0
   003E FF                  121 	.db #0xff	; 255
   003F 00                  122 	.db #0x00	; 0
   0040 00                  123 	.db #0x00	; 0
   0041 00                  124 	.db #0x00	; 0
   0042 FF                  125 	.db #0xff	; 255
   0043 00                  126 	.db #0x00	; 0
   0044 00                  127 	.db #0x00	; 0
   0045 00                  128 	.db #0x00	; 0
   0046 FF                  129 	.db #0xff	; 255
   0047 00                  130 	.db #0x00	; 0
   0048 00                  131 	.db #0x00	; 0
   0049 00                  132 	.db #0x00	; 0
   004A FF                  133 	.db #0xff	; 255
   004B 00                  134 	.db #0x00	; 0
   004C 00                  135 	.db #0x00	; 0
   004D 00                  136 	.db #0x00	; 0
   004E FF                  137 	.db #0xff	; 255
   004F 00                  138 	.db #0x00	; 0
   0050 00                  139 	.db #0x00	; 0
   0051 00                  140 	.db #0x00	; 0
   0052 FF                  141 	.db #0xff	; 255
   0053 00                  142 	.db #0x00	; 0
   0054 00                  143 	.db #0x00	; 0
   0055 00                  144 	.db #0x00	; 0
   0056 FF                  145 	.db #0xff	; 255
   0057 00                  146 	.db #0x00	; 0
   0058 00                  147 	.db #0x00	; 0
   0059 00                  148 	.db #0x00	; 0
                            149 ;G2GTerminal.c:43: void main(void)
                            150 ;	---------------------------------
                            151 ; Function main
                            152 ; ---------------------------------
   005A                     153 _main::
   005A DD E5         [15]  154 	push	ix
   005C DD 21 00 00   [14]  155 	ld	ix,#0
   0060 DD 39         [15]  156 	add	ix,sp
   0062 21 74 FF      [10]  157 	ld	hl, #-140
   0065 39            [11]  158 	add	hl, sp
   0066 F9            [ 6]  159 	ld	sp, hl
                            160 ;G2GTerminal.c:47: uint8_t timer = BLINKSPEED;
   0067 DD 36 EE 0A   [19]  161 	ld	-18 (ix), #0x0a
                            162 ;G2GTerminal.c:51: bool blink = false;
   006B AF            [ 4]  163 	xor	a, a
   006C DD 77 F9      [19]  164 	ld	-7 (ix), a
                            165 ;G2GTerminal.c:53: SMS_VRAMmemsetW(XYtoADDR(0, 0), 0, 32 * 28 * 2); // Initialise VRAM
   006F 21 00 07      [10]  166 	ld	hl, #0x0700
   0072 E5            [11]  167 	push	hl
   0073 26 00         [ 7]  168 	ld	h, #0x00
   0075 E5            [11]  169 	push	hl
   0076 26 78         [ 7]  170 	ld	h, #0x78
   0078 E5            [11]  171 	push	hl
   0079 CDr00r00      [17]  172 	call	_SMS_VRAMmemsetW
   007C 21 06 00      [10]  173 	ld	hl, #6
   007F 39            [11]  174 	add	hl, sp
   0080 F9            [ 6]  175 	ld	sp, hl
                            176 ;G2GTerminal.c:55: SMS_useFirstHalfTilesforSprites(true);
   0081 2E 01         [ 7]  177 	ld	l, #0x01
   0083 CDr00r00      [17]  178 	call	_SMS_useFirstHalfTilesforSprites
                            179 ;G2GTerminal.c:56: SMS_autoSetUpTextRenderer();
   0086 CDr00r00      [17]  180 	call	_SMS_autoSetUpTextRenderer
                            181 ;G2GTerminal.c:57: SMS_loadTiles(cursor_sprite, 96, 32);
   0089 21 20 00      [10]  182 	ld	hl, #0x0020
   008C E5            [11]  183 	push	hl
   008D 2E 60         [ 7]  184 	ld	l, #0x60
   008F E5            [11]  185 	push	hl
   0090 21r3Ar00      [10]  186 	ld	hl, #_cursor_sprite
   0093 E5            [11]  187 	push	hl
   0094 CDr00r00      [17]  188 	call	_SMS_loadTiles
   0097 21 06 00      [10]  189 	ld	hl, #6
   009A 39            [11]  190 	add	hl, sp
   009B F9            [ 6]  191 	ld	sp, hl
                            192 ;G2GTerminal.c:58: GG_setSpritePaletteColor(1, 0xFEDF);
   009C 21 DF FE      [10]  193 	ld	hl, #0xfedf
   009F E5            [11]  194 	push	hl
   00A0 3E 01         [ 7]  195 	ld	a, #0x01
   00A2 F5            [11]  196 	push	af
   00A3 33            [ 6]  197 	inc	sp
   00A4 CDr00r00      [17]  198 	call	_GG_setSpritePaletteColor
   00A7 F1            [10]  199 	pop	af
   00A8 33            [ 6]  200 	inc	sp
                            201 ;G2GTerminal.c:60: G2G_IOPinPort = 0x00;
   00A9 3E 00         [ 7]  202 	ld	a, #0x00
   00AB D3 01         [11]  203 	out	(_G2G_IOPinPort), a
                            204 ;G2GTerminal.c:61: G2G_NMIPort = 0xFF;
   00AD 3E FF         [ 7]  205 	ld	a, #0xff
   00AF D3 02         [11]  206 	out	(_G2G_NMIPort), a
                            207 ;G2GTerminal.c:62: G2G_StatusPort = 0x30; // 4800 baud
   00B1 3E 30         [ 7]  208 	ld	a, #0x30
   00B3 D3 05         [11]  209 	out	(_G2G_StatusPort), a
                            210 ;G2GTerminal.c:67: char_x = 6;
   00B5 DD 36 FA 06   [19]  211 	ld	-6 (ix), #0x06
                            212 ;G2GTerminal.c:68: char_y = 19;
   00B9 DD 36 FB 13   [19]  213 	ld	-5 (ix), #0x13
                            214 ;G2GTerminal.c:69: index = 0;
   00BD AF            [ 4]  215 	xor	a, a
   00BE DD 77 FC      [19]  216 	ld	-4 (ix), a
                            217 ;G2GTerminal.c:70: send_x = 6;
   00C1 DD 36 FD 06   [19]  218 	ld	-3 (ix), #0x06
                            219 ;G2GTerminal.c:71: send_y = 15;
   00C5 DD 36 FE 0F   [19]  220 	ld	-2 (ix), #0x0f
                            221 ;G2GTerminal.c:75: putstring(6, 14, "--------------------");
   00C9 21r0Dr05      [10]  222 	ld	hl, #___str_0
   00CC E5            [11]  223 	push	hl
   00CD 11 06 0E      [10]  224 	ld	de, #0x0e06
   00D0 D5            [11]  225 	push	de
   00D1 CDr00r00      [17]  226 	call	_putstring
   00D4 F1            [10]  227 	pop	af
                            228 ;G2GTerminal.c:77: putstring(6, 18, "--------------------");
   00D5 21r0Dr05      [10]  229 	ld	hl, #___str_0
   00D8 E3            [19]  230 	ex	(sp),hl
   00D9 11 06 12      [10]  231 	ld	de, #0x1206
   00DC D5            [11]  232 	push	de
   00DD CDr00r00      [17]  233 	call	_putstring
   00E0 F1            [10]  234 	pop	af
                            235 ;G2GTerminal.c:79: putstring(6, 19, "ABCDEFGHIJKLMNOPQRST");
   00E1 21r22r05      [10]  236 	ld	hl, #___str_1
   00E4 E3            [19]  237 	ex	(sp),hl
   00E5 11 06 13      [10]  238 	ld	de, #0x1306
   00E8 D5            [11]  239 	push	de
   00E9 CDr00r00      [17]  240 	call	_putstring
   00EC F1            [10]  241 	pop	af
                            242 ;G2GTerminal.c:80: putstring(6, 20, "UVWXYZ .<");
   00ED 21r37r05      [10]  243 	ld	hl, #___str_2
   00F0 E3            [19]  244 	ex	(sp),hl
   00F1 11 06 14      [10]  245 	ld	de, #0x1406
   00F4 D5            [11]  246 	push	de
   00F5 CDr00r00      [17]  247 	call	_putstring
   00F8 F1            [10]  248 	pop	af
   00F9 F1            [10]  249 	pop	af
   00FA DD 36 FF 06   [19]  250 	ld	-1 (ix), #0x06
   00FE                     251 00181$:
                            252 ;G2GTerminal.c:84: SMS_initSprites();
   00FE CDr00r00      [17]  253 	call	_SMS_initSprites
                            254 ;G2GTerminal.c:86: SMS_waitForVBlank();
   0101 CDr00r00      [17]  255 	call	_SMS_waitForVBlank
                            256 ;G2GTerminal.c:89: if ((G2G_StatusPort & G2G_BYTE_RECV) != 0)
   0104 DB 05         [11]  257 	in	a, (_G2G_StatusPort)
   0106 CB 4F         [ 8]  258 	bit	1, a
   0108 28 2D         [12]  259 	jr	Z,00102$
                            260 ;G2GTerminal.c:91: SMS_setNextTileatXY(recv_x, recv_y);
   010A DD 7E FF      [19]  261 	ld	a, -1 (ix)
   010D DD 77 F7      [19]  262 	ld	-9 (ix), a
   0110 AF            [ 4]  263 	xor	a, a
   0111 DD 77 F8      [19]  264 	ld	-8 (ix), a
   0114 DD 7E F7      [19]  265 	ld	a, -9 (ix)
   0117 C6 60         [ 7]  266 	add	a, #0x60
   0119 6F            [ 4]  267 	ld	l, a
   011A DD 7E F8      [19]  268 	ld	a, -8 (ix)
   011D CE 00         [ 7]  269 	adc	a, #0x00
   011F 67            [ 4]  270 	ld	h, a
   0120 29            [11]  271 	add	hl, hl
   0121 7C            [ 4]  272 	ld	a, h
   0122 F6 78         [ 7]  273 	or	a, #0x78
   0124 67            [ 4]  274 	ld	h, a
   0125 CDr00r00      [17]  275 	call	_SMS_crt0_RST08
                            276 ;G2GTerminal.c:92: recByte = G2G_RxPort;
   0128 DB 04         [11]  277 	in	a, (_G2G_RxPort)
                            278 ;G2GTerminal.c:93: SMS_setTile(recByte + STRING_OFFSET);
   012A 4F            [ 4]  279 	ld	c, a
   012B 06 00         [ 7]  280 	ld	b, #0x00
   012D 21 E0 FF      [10]  281 	ld	hl, #0xffe0
   0130 09            [11]  282 	add	hl, bc
   0131 CDr00r00      [17]  283 	call	_SMS_crt0_RST18
                            284 ;G2GTerminal.c:94: recv_x++;
   0134 DD 34 FF      [23]  285 	inc	-1 (ix)
   0137                     286 00102$:
                            287 ;G2GTerminal.c:97: keyPress = SMS_getKeysPressed();
   0137 CDr00r00      [17]  288 	call	_SMS_getKeysPressed
   013A DD 75 F8      [19]  289 	ld	-8 (ix), l
                            290 ;G2GTerminal.c:98: if (keyPress & PORT_A_KEY_UP)
   013D DD CB F8 46   [20]  291 	bit	0, -8 (ix)
   0141 28 12         [12]  292 	jr	Z,00171$
                            293 ;G2GTerminal.c:100: char_y--;
   0143 DD 35 FB      [23]  294 	dec	-5 (ix)
                            295 ;G2GTerminal.c:101: if (char_y < 19)
   0146 DD 7E FB      [19]  296 	ld	a, -5 (ix)
   0149 D6 13         [ 7]  297 	sub	a, #0x13
   014B D2rD3r04      [10]  298 	jp	NC, 00172$
                            299 ;G2GTerminal.c:102: char_y = 19;
   014E DD 36 FB 13   [19]  300 	ld	-5 (ix), #0x13
   0152 C3rD3r04      [10]  301 	jp	00172$
   0155                     302 00171$:
                            303 ;G2GTerminal.c:104: else if (keyPress & PORT_A_KEY_DOWN)
   0155 DD CB F8 4E   [20]  304 	bit	1, -8 (ix)
   0159 28 29         [12]  305 	jr	Z,00168$
                            306 ;G2GTerminal.c:106: char_y++;
   015B DD 34 FB      [23]  307 	inc	-5 (ix)
                            308 ;G2GTerminal.c:107: if (char_y > 20)
   015E 3E 14         [ 7]  309 	ld	a, #0x14
   0160 DD 96 FB      [19]  310 	sub	a, -5 (ix)
   0163 30 04         [12]  311 	jr	NC,00106$
                            312 ;G2GTerminal.c:108: char_y = 20;
   0165 DD 36 FB 14   [19]  313 	ld	-5 (ix), #0x14
   0169                     314 00106$:
                            315 ;G2GTerminal.c:109: if (char_x > 14 && char_y == 20)
   0169 3E 0E         [ 7]  316 	ld	a, #0x0e
   016B DD 96 FA      [19]  317 	sub	a, -6 (ix)
   016E D2rD3r04      [10]  318 	jp	NC, 00172$
   0171 DD 7E FB      [19]  319 	ld	a, -5 (ix)
   0174 D6 14         [ 7]  320 	sub	a, #0x14
   0176 C2rD3r04      [10]  321 	jp	NZ,00172$
                            322 ;G2GTerminal.c:111: char_x = 14;
   0179 DD 36 FA 0E   [19]  323 	ld	-6 (ix), #0x0e
                            324 ;G2GTerminal.c:112: char_y = 20;
   017D DD 36 FB 14   [19]  325 	ld	-5 (ix), #0x14
   0181 C3rD3r04      [10]  326 	jp	00172$
   0184                     327 00168$:
                            328 ;G2GTerminal.c:115: else if (keyPress & PORT_A_KEY_LEFT)
   0184 DD CB F8 56   [20]  329 	bit	2, -8 (ix)
   0188 28 12         [12]  330 	jr	Z,00165$
                            331 ;G2GTerminal.c:117: char_x--;
   018A DD 35 FA      [23]  332 	dec	-6 (ix)
                            333 ;G2GTerminal.c:118: if (char_x < 6)
   018D DD 7E FA      [19]  334 	ld	a, -6 (ix)
   0190 D6 06         [ 7]  335 	sub	a, #0x06
   0192 D2rD3r04      [10]  336 	jp	NC, 00172$
                            337 ;G2GTerminal.c:119: char_x = 6;
   0195 DD 36 FA 06   [19]  338 	ld	-6 (ix), #0x06
   0199 C3rD3r04      [10]  339 	jp	00172$
   019C                     340 00165$:
                            341 ;G2GTerminal.c:109: if (char_x > 14 && char_y == 20)
   019C DD 7E FB      [19]  342 	ld	a, -5 (ix)
   019F D6 14         [ 7]  343 	sub	a, #0x14
   01A1 3E 01         [ 7]  344 	ld	a, #0x01
   01A3 28 01         [12]  345 	jr	Z,00383$
   01A5 AF            [ 4]  346 	xor	a, a
   01A6                     347 00383$:
   01A6 DD 77 EF      [19]  348 	ld	-17 (ix), a
                            349 ;G2GTerminal.c:121: else if (keyPress & PORT_A_KEY_RIGHT)
   01A9 DD CB F8 5E   [20]  350 	bit	3, -8 (ix)
   01AD 28 27         [12]  351 	jr	Z,00162$
                            352 ;G2GTerminal.c:123: char_x++;
   01AF DD 34 FA      [23]  353 	inc	-6 (ix)
                            354 ;G2GTerminal.c:124: if (char_x > 14 && char_y == 20)
   01B2 3E 0E         [ 7]  355 	ld	a, #0x0e
   01B4 DD 96 FA      [19]  356 	sub	a, -6 (ix)
   01B7 30 0E         [12]  357 	jr	NC,00113$
   01B9 DD 7E EF      [19]  358 	ld	a, -17 (ix)
   01BC B7            [ 4]  359 	or	a, a
   01BD 28 08         [12]  360 	jr	Z,00113$
                            361 ;G2GTerminal.c:126: char_x = 14;
   01BF DD 36 FA 0E   [19]  362 	ld	-6 (ix), #0x0e
                            363 ;G2GTerminal.c:127: char_y = 20;
   01C3 DD 36 FB 14   [19]  364 	ld	-5 (ix), #0x14
   01C7                     365 00113$:
                            366 ;G2GTerminal.c:129: if (char_x > 25)
   01C7 3E 19         [ 7]  367 	ld	a, #0x19
   01C9 DD 96 FA      [19]  368 	sub	a, -6 (ix)
   01CC D2rD3r04      [10]  369 	jp	NC, 00172$
                            370 ;G2GTerminal.c:130: char_x = 25;
   01CF DD 36 FA 19   [19]  371 	ld	-6 (ix), #0x19
   01D3 C3rD3r04      [10]  372 	jp	00172$
   01D6                     373 00162$:
                            374 ;G2GTerminal.c:132: else if (keyPress & PORT_A_KEY_1)
   01D6 DD CB F8 66   [20]  375 	bit	4, -8 (ix)
   01DA CAr70r04      [10]  376 	jp	Z,00159$
                            377 ;G2GTerminal.c:137: if (send_x < 26)
   01DD DD 7E FD      [19]  378 	ld	a, -3 (ix)
   01E0 D6 1A         [ 7]  379 	sub	a, #0x1a
   01E2 3E 00         [ 7]  380 	ld	a, #0x00
   01E4 17            [ 4]  381 	rla
   01E5 DD 77 F0      [19]  382 	ld	-16 (ix), a
                            383 ;G2GTerminal.c:139: sendBuffer[index] = ' ';
   01E8 DD 7E FC      [19]  384 	ld	a, -4 (ix)
   01EB DD 77 F1      [19]  385 	ld	-15 (ix), a
   01EE 17            [ 4]  386 	rla
   01EF 9F            [ 4]  387 	sbc	a, a
   01F0 DD 77 F2      [19]  388 	ld	-14 (ix), a
                            389 ;G2GTerminal.c:140: sendBuffer[index + 1] = '\0';
   01F3 DD 7E FC      [19]  390 	ld	a, -4 (ix)
   01F6 3C            [ 4]  391 	inc	a
   01F7 DD 77 F3      [19]  392 	ld	-13 (ix), a
                            393 ;G2GTerminal.c:141: SMS_setNextTileatXY(send_x, send_y);
   01FA DD 5E FE      [19]  394 	ld	e, -2 (ix)
   01FD 16 00         [ 7]  395 	ld	d, #0x00
   01FF DD 4E FD      [19]  396 	ld	c, -3 (ix)
   0202 06 00         [ 7]  397 	ld	b, #0x00
                            398 ;G2GTerminal.c:145: send_x++;
   0204 DD 7E FD      [19]  399 	ld	a, -3 (ix)
   0207 3C            [ 4]  400 	inc	a
   0208 DD 77 F4      [19]  401 	ld	-12 (ix), a
                            402 ;G2GTerminal.c:140: sendBuffer[index + 1] = '\0';
   020B DD 7E F3      [19]  403 	ld	a, -13 (ix)
   020E DD 77 F5      [19]  404 	ld	-11 (ix), a
   0211 17            [ 4]  405 	rla
   0212 9F            [ 4]  406 	sbc	a, a
   0213 DD 77 F6      [19]  407 	ld	-10 (ix), a
                            408 ;G2GTerminal.c:141: SMS_setNextTileatXY(send_x, send_y);
   0216 6B            [ 4]  409 	ld	l, e
   0217 62            [ 4]  410 	ld	h, d
   0218 29            [11]  411 	add	hl, hl
   0219 29            [11]  412 	add	hl, hl
   021A 29            [11]  413 	add	hl, hl
   021B 29            [11]  414 	add	hl, hl
   021C 29            [11]  415 	add	hl, hl
   021D 09            [11]  416 	add	hl, bc
   021E 29            [11]  417 	add	hl, hl
   021F DD 75 F7      [19]  418 	ld	-9 (ix), l
   0222 7C            [ 4]  419 	ld	a, h
   0223 F6 78         [ 7]  420 	or	a, #0x78
   0225 DD 77 F8      [19]  421 	ld	-8 (ix), a
                            422 ;G2GTerminal.c:135: if (char_x == 12 && char_y == 20) // Handle space
   0228 DD 7E FA      [19]  423 	ld	a, -6 (ix)
   022B D6 0C         [ 7]  424 	sub	a, #0x0c
   022D C2rBEr02      [10]  425 	jp	NZ,00140$
   0230 DD 7E EF      [19]  426 	ld	a, -17 (ix)
   0233 B7            [ 4]  427 	or	a, a
   0234 CArBEr02      [10]  428 	jp	Z, 00140$
                            429 ;G2GTerminal.c:137: if (send_x < 26)
   0237 DD 7E F0      [19]  430 	ld	a, -16 (ix)
   023A B7            [ 4]  431 	or	a, a
   023B CAr38r04      [10]  432 	jp	Z, 00141$
                            433 ;G2GTerminal.c:139: sendBuffer[index] = ' ';
   023E 21 00 00      [10]  434 	ld	hl, #0
   0241 39            [11]  435 	add	hl, sp
   0242 DD 75 EF      [19]  436 	ld	-17 (ix), l
   0245 DD 74 F0      [19]  437 	ld	-16 (ix), h
   0248 DD 7E EF      [19]  438 	ld	a, -17 (ix)
   024B DD 86 F1      [19]  439 	add	a, -15 (ix)
   024E DD 77 FC      [19]  440 	ld	-4 (ix), a
   0251 DD 7E F0      [19]  441 	ld	a, -16 (ix)
   0254 DD 8E F2      [19]  442 	adc	a, -14 (ix)
   0257 DD 77 FD      [19]  443 	ld	-3 (ix), a
   025A DD 6E FC      [19]  444 	ld	l, -4 (ix)
   025D DD 66 FD      [19]  445 	ld	h, -3 (ix)
   0260 36 20         [10]  446 	ld	(hl), #0x20
                            447 ;G2GTerminal.c:140: sendBuffer[index + 1] = '\0';
   0262 DD 7E EF      [19]  448 	ld	a, -17 (ix)
   0265 DD 86 F5      [19]  449 	add	a, -11 (ix)
   0268 DD 77 F1      [19]  450 	ld	-15 (ix), a
   026B DD 7E F0      [19]  451 	ld	a, -16 (ix)
   026E DD 8E F6      [19]  452 	adc	a, -10 (ix)
   0271 DD 77 F2      [19]  453 	ld	-14 (ix), a
   0274 DD 6E F1      [19]  454 	ld	l, -15 (ix)
   0277 DD 66 F2      [19]  455 	ld	h, -14 (ix)
   027A 36 00         [10]  456 	ld	(hl), #0x00
                            457 ;G2GTerminal.c:141: SMS_setNextTileatXY(send_x, send_y);
   027C DD 6E F7      [19]  458 	ld	l, -9 (ix)
   027F DD 66 F8      [19]  459 	ld	h, -8 (ix)
   0282 CDr00r00      [17]  460 	call	_SMS_crt0_RST08
                            461 ;G2GTerminal.c:142: SMS_setTile(sendBuffer[index] + STRING_OFFSET);
   0285 DD 6E FC      [19]  462 	ld	l, -4 (ix)
   0288 DD 66 FD      [19]  463 	ld	h, -3 (ix)
   028B 7E            [ 7]  464 	ld	a, (hl)
   028C DD 77 FD      [19]  465 	ld	-3 (ix), a
   028F DD 77 FC      [19]  466 	ld	-4 (ix), a
   0292 AF            [ 4]  467 	xor	a, a
   0293 DD 77 FD      [19]  468 	ld	-3 (ix), a
   0296 DD 7E FC      [19]  469 	ld	a, -4 (ix)
   0299 C6 E0         [ 7]  470 	add	a, #0xe0
   029B DD 77 F7      [19]  471 	ld	-9 (ix), a
   029E DD 7E FD      [19]  472 	ld	a, -3 (ix)
   02A1 CE FF         [ 7]  473 	adc	a, #0xff
   02A3 DD 77 F8      [19]  474 	ld	-8 (ix), a
   02A6 DD 6E F7      [19]  475 	ld	l, -9 (ix)
   02A9 DD 66 F8      [19]  476 	ld	h, -8 (ix)
   02AC CDr00r00      [17]  477 	call	_SMS_crt0_RST18
                            478 ;G2GTerminal.c:144: index++;
   02AF DD 7E F3      [19]  479 	ld	a, -13 (ix)
   02B2 DD 77 FC      [19]  480 	ld	-4 (ix), a
                            481 ;G2GTerminal.c:145: send_x++;
   02B5 DD 7E F4      [19]  482 	ld	a, -12 (ix)
   02B8 DD 77 FD      [19]  483 	ld	-3 (ix), a
   02BB C3r38r04      [10]  484 	jp	00141$
   02BE                     485 00140$:
                            486 ;G2GTerminal.c:148: else if (char_x == 13 && char_y == 20) // Handle full stop
   02BE DD 7E FA      [19]  487 	ld	a, -6 (ix)
   02C1 D6 0D         [ 7]  488 	sub	a, #0x0d
   02C3 C2r54r03      [10]  489 	jp	NZ,00136$
   02C6 DD 7E EF      [19]  490 	ld	a, -17 (ix)
   02C9 B7            [ 4]  491 	or	a, a
   02CA CAr54r03      [10]  492 	jp	Z, 00136$
                            493 ;G2GTerminal.c:150: if (send_x < 26)
   02CD DD 7E F0      [19]  494 	ld	a, -16 (ix)
   02D0 B7            [ 4]  495 	or	a, a
   02D1 CAr38r04      [10]  496 	jp	Z, 00141$
                            497 ;G2GTerminal.c:152: sendBuffer[index] = '.';
   02D4 21 00 00      [10]  498 	ld	hl, #0
   02D7 39            [11]  499 	add	hl, sp
   02D8 DD 75 EF      [19]  500 	ld	-17 (ix), l
   02DB DD 74 F0      [19]  501 	ld	-16 (ix), h
   02DE DD 7E EF      [19]  502 	ld	a, -17 (ix)
   02E1 DD 86 F1      [19]  503 	add	a, -15 (ix)
   02E4 DD 77 FC      [19]  504 	ld	-4 (ix), a
   02E7 DD 7E F0      [19]  505 	ld	a, -16 (ix)
   02EA DD 8E F2      [19]  506 	adc	a, -14 (ix)
   02ED DD 77 FD      [19]  507 	ld	-3 (ix), a
   02F0 DD 6E FC      [19]  508 	ld	l, -4 (ix)
   02F3 DD 66 FD      [19]  509 	ld	h, -3 (ix)
   02F6 36 2E         [10]  510 	ld	(hl), #0x2e
                            511 ;G2GTerminal.c:153: sendBuffer[index + 1] = '\0';
   02F8 DD 7E EF      [19]  512 	ld	a, -17 (ix)
   02FB DD 86 F5      [19]  513 	add	a, -11 (ix)
   02FE DD 77 F1      [19]  514 	ld	-15 (ix), a
   0301 DD 7E F0      [19]  515 	ld	a, -16 (ix)
   0304 DD 8E F6      [19]  516 	adc	a, -10 (ix)
   0307 DD 77 F2      [19]  517 	ld	-14 (ix), a
   030A DD 6E F1      [19]  518 	ld	l, -15 (ix)
   030D DD 66 F2      [19]  519 	ld	h, -14 (ix)
   0310 36 00         [10]  520 	ld	(hl), #0x00
                            521 ;G2GTerminal.c:154: SMS_setNextTileatXY(send_x, send_y);
   0312 DD 6E F7      [19]  522 	ld	l, -9 (ix)
   0315 DD 66 F8      [19]  523 	ld	h, -8 (ix)
   0318 CDr00r00      [17]  524 	call	_SMS_crt0_RST08
                            525 ;G2GTerminal.c:155: SMS_setTile(sendBuffer[index] + STRING_OFFSET);
   031B DD 6E FC      [19]  526 	ld	l, -4 (ix)
   031E DD 66 FD      [19]  527 	ld	h, -3 (ix)
   0321 7E            [ 7]  528 	ld	a, (hl)
   0322 DD 77 FD      [19]  529 	ld	-3 (ix), a
   0325 DD 77 FC      [19]  530 	ld	-4 (ix), a
   0328 AF            [ 4]  531 	xor	a, a
   0329 DD 77 FD      [19]  532 	ld	-3 (ix), a
   032C DD 7E FC      [19]  533 	ld	a, -4 (ix)
   032F C6 E0         [ 7]  534 	add	a, #0xe0
   0331 DD 77 F7      [19]  535 	ld	-9 (ix), a
   0334 DD 7E FD      [19]  536 	ld	a, -3 (ix)
   0337 CE FF         [ 7]  537 	adc	a, #0xff
   0339 DD 77 F8      [19]  538 	ld	-8 (ix), a
   033C DD 6E F7      [19]  539 	ld	l, -9 (ix)
   033F DD 66 F8      [19]  540 	ld	h, -8 (ix)
   0342 CDr00r00      [17]  541 	call	_SMS_crt0_RST18
                            542 ;G2GTerminal.c:157: index++;
   0345 DD 7E F3      [19]  543 	ld	a, -13 (ix)
   0348 DD 77 FC      [19]  544 	ld	-4 (ix), a
                            545 ;G2GTerminal.c:158: send_x++;
   034B DD 7E F4      [19]  546 	ld	a, -12 (ix)
   034E DD 77 FD      [19]  547 	ld	-3 (ix), a
   0351 C3r38r04      [10]  548 	jp	00141$
   0354                     549 00136$:
                            550 ;G2GTerminal.c:161: else if (char_x == 14 && char_y == 20) // Handle backspace
   0354 DD 7E FA      [19]  551 	ld	a, -6 (ix)
   0357 D6 0E         [ 7]  552 	sub	a, #0x0e
   0359 C2rE5r03      [10]  553 	jp	NZ,00132$
   035C DD 7E EF      [19]  554 	ld	a, -17 (ix)
   035F B7            [ 4]  555 	or	a, a
   0360 CArE5r03      [10]  556 	jp	Z, 00132$
                            557 ;G2GTerminal.c:163: if (send_x > 6 || send_y > 15)
   0363 3E 0F         [ 7]  558 	ld	a, #0x0f
   0365 DD 96 FE      [19]  559 	sub	a, -2 (ix)
   0368 3E 00         [ 7]  560 	ld	a, #0x00
   036A 17            [ 4]  561 	rla
   036B DD 77 F2      [19]  562 	ld	-14 (ix), a
   036E 3E 06         [ 7]  563 	ld	a, #0x06
   0370 DD 96 FD      [19]  564 	sub	a, -3 (ix)
   0373 38 07         [12]  565 	jr	C,00124$
   0375 DD 7E F2      [19]  566 	ld	a, -14 (ix)
   0378 B7            [ 4]  567 	or	a, a
   0379 CAr38r04      [10]  568 	jp	Z, 00141$
   037C                     569 00124$:
                            570 ;G2GTerminal.c:165: index--;
   037C DD 35 FC      [23]  571 	dec	-4 (ix)
                            572 ;G2GTerminal.c:166: sendBuffer[index] = '\0';
   037F 21 00 00      [10]  573 	ld	hl, #0
   0382 39            [11]  574 	add	hl, sp
   0383 DD 75 F3      [19]  575 	ld	-13 (ix), l
   0386 DD 74 F4      [19]  576 	ld	-12 (ix), h
   0389 DD 7E FC      [19]  577 	ld	a, -4 (ix)
   038C DD 77 F5      [19]  578 	ld	-11 (ix), a
   038F 17            [ 4]  579 	rla
   0390 9F            [ 4]  580 	sbc	a, a
   0391 DD 77 F6      [19]  581 	ld	-10 (ix), a
   0394 DD 7E F3      [19]  582 	ld	a, -13 (ix)
   0397 DD 86 F5      [19]  583 	add	a, -11 (ix)
   039A DD 77 F7      [19]  584 	ld	-9 (ix), a
   039D DD 7E F4      [19]  585 	ld	a, -12 (ix)
   03A0 DD 8E F6      [19]  586 	adc	a, -10 (ix)
   03A3 DD 77 F8      [19]  587 	ld	-8 (ix), a
   03A6 DD 6E F7      [19]  588 	ld	l, -9 (ix)
   03A9 DD 66 F8      [19]  589 	ld	h, -8 (ix)
   03AC 36 00         [10]  590 	ld	(hl), #0x00
                            591 ;G2GTerminal.c:167: send_x--;
   03AE DD 35 FD      [23]  592 	dec	-3 (ix)
                            593 ;G2GTerminal.c:168: if (send_x < 6 && send_y > 15)
   03B1 DD 7E FD      [19]  594 	ld	a, -3 (ix)
   03B4 D6 06         [ 7]  595 	sub	a, #0x06
   03B6 30 0D         [12]  596 	jr	NC,00122$
   03B8 DD 7E F2      [19]  597 	ld	a, -14 (ix)
   03BB B7            [ 4]  598 	or	a, a
   03BC 28 07         [12]  599 	jr	Z,00122$
                            600 ;G2GTerminal.c:170: send_x = 25;
   03BE DD 36 FD 19   [19]  601 	ld	-3 (ix), #0x19
                            602 ;G2GTerminal.c:171: send_y--;
   03C2 DD 35 FE      [23]  603 	dec	-2 (ix)
   03C5                     604 00122$:
                            605 ;G2GTerminal.c:173: SMS_setNextTileatXY(send_x, send_y);
   03C5 DD 6E FE      [19]  606 	ld	l, -2 (ix)
   03C8 26 00         [ 7]  607 	ld	h, #0x00
   03CA 29            [11]  608 	add	hl, hl
   03CB 29            [11]  609 	add	hl, hl
   03CC 29            [11]  610 	add	hl, hl
   03CD 29            [11]  611 	add	hl, hl
   03CE 29            [11]  612 	add	hl, hl
   03CF DD 4E FD      [19]  613 	ld	c, -3 (ix)
   03D2 06 00         [ 7]  614 	ld	b, #0x00
   03D4 09            [11]  615 	add	hl, bc
   03D5 29            [11]  616 	add	hl, hl
   03D6 7C            [ 4]  617 	ld	a, h
   03D7 F6 78         [ 7]  618 	or	a, #0x78
   03D9 67            [ 4]  619 	ld	h, a
   03DA CDr00r00      [17]  620 	call	_SMS_crt0_RST08
                            621 ;G2GTerminal.c:174: SMS_setTile(0);
   03DD 21 00 00      [10]  622 	ld	hl, #0x0000
   03E0 CDr00r00      [17]  623 	call	_SMS_crt0_RST18
   03E3 18 53         [12]  624 	jr	00141$
   03E5                     625 00132$:
                            626 ;G2GTerminal.c:179: if (send_x < 26)
   03E5 DD 7E F0      [19]  627 	ld	a, -16 (ix)
   03E8 B7            [ 4]  628 	or	a, a
   03E9 28 4D         [12]  629 	jr	Z,00141$
                            630 ;G2GTerminal.c:181: sendBuffer[index] = char_x + 59;
   03EB 21 00 00      [10]  631 	ld	hl, #0
   03EE 39            [11]  632 	add	hl, sp
   03EF EB            [ 4]  633 	ex	de, hl
   03F0 7B            [ 4]  634 	ld	a, e
   03F1 DD 86 F1      [19]  635 	add	a, -15 (ix)
   03F4 4F            [ 4]  636 	ld	c, a
   03F5 7A            [ 4]  637 	ld	a, d
   03F6 DD 8E F2      [19]  638 	adc	a, -14 (ix)
   03F9 47            [ 4]  639 	ld	b, a
   03FA DD 7E FA      [19]  640 	ld	a, -6 (ix)
   03FD C6 3B         [ 7]  641 	add	a, #0x3b
   03FF 02            [ 7]  642 	ld	(bc), a
                            643 ;G2GTerminal.c:182: if (char_y == 20)
   0400 DD 7E EF      [19]  644 	ld	a, -17 (ix)
   0403 B7            [ 4]  645 	or	a, a
   0404 28 04         [12]  646 	jr	Z,00128$
                            647 ;G2GTerminal.c:183: sendBuffer[index] += 20;
   0406 0A            [ 7]  648 	ld	a, (bc)
   0407 C6 14         [ 7]  649 	add	a, #0x14
   0409 02            [ 7]  650 	ld	(bc), a
   040A                     651 00128$:
                            652 ;G2GTerminal.c:184: sendBuffer[index + 1] = '\0';
   040A 7B            [ 4]  653 	ld	a, e
   040B DD 86 F5      [19]  654 	add	a, -11 (ix)
   040E 5F            [ 4]  655 	ld	e, a
   040F 7A            [ 4]  656 	ld	a, d
   0410 DD 8E F6      [19]  657 	adc	a, -10 (ix)
   0413 57            [ 4]  658 	ld	d, a
   0414 AF            [ 4]  659 	xor	a, a
   0415 12            [ 7]  660 	ld	(de), a
                            661 ;G2GTerminal.c:185: SMS_setNextTileatXY(send_x, send_y);
   0416 C5            [11]  662 	push	bc
   0417 DD 6E F7      [19]  663 	ld	l, -9 (ix)
   041A DD 66 F8      [19]  664 	ld	h, -8 (ix)
   041D CDr00r00      [17]  665 	call	_SMS_crt0_RST08
   0420 C1            [10]  666 	pop	bc
                            667 ;G2GTerminal.c:186: SMS_setTile(sendBuffer[index] + STRING_OFFSET);
   0421 0A            [ 7]  668 	ld	a, (bc)
   0422 4F            [ 4]  669 	ld	c, a
   0423 06 00         [ 7]  670 	ld	b, #0x00
   0425 21 E0 FF      [10]  671 	ld	hl, #0xffe0
   0428 09            [11]  672 	add	hl, bc
   0429 CDr00r00      [17]  673 	call	_SMS_crt0_RST18
                            674 ;G2GTerminal.c:188: index++;
   042C DD 7E F3      [19]  675 	ld	a, -13 (ix)
   042F DD 77 FC      [19]  676 	ld	-4 (ix), a
                            677 ;G2GTerminal.c:189: send_x++;
   0432 DD 7E F4      [19]  678 	ld	a, -12 (ix)
   0435 DD 77 FD      [19]  679 	ld	-3 (ix), a
   0438                     680 00141$:
                            681 ;G2GTerminal.c:192: if (index < 0)
   0438 DD CB FC 7E   [20]  682 	bit	7, -4 (ix)
   043C 28 04         [12]  683 	jr	Z,00144$
                            684 ;G2GTerminal.c:193: index = 0;
   043E AF            [ 4]  685 	xor	a, a
   043F DD 77 FC      [19]  686 	ld	-4 (ix), a
   0442                     687 00144$:
                            688 ;G2GTerminal.c:194: if (index > SEND_BUFFER_SIZE)
   0442 3E 3D         [ 7]  689 	ld	a, #0x3d
   0444 DD 96 FC      [19]  690 	sub	a, -4 (ix)
   0447 E2r4Cr04      [10]  691 	jp	PO, 00392$
   044A EE 80         [ 7]  692 	xor	a, #0x80
   044C                     693 00392$:
   044C F2r53r04      [10]  694 	jp	P, 00146$
                            695 ;G2GTerminal.c:195: index = SEND_BUFFER_SIZE;
   044F DD 36 FC 3D   [19]  696 	ld	-4 (ix), #0x3d
   0453                     697 00146$:
                            698 ;G2GTerminal.c:196: if (send_x > 25)
   0453 3E 19         [ 7]  699 	ld	a, #0x19
   0455 DD 96 FD      [19]  700 	sub	a, -3 (ix)
   0458 30 79         [12]  701 	jr	NC,00172$
                            702 ;G2GTerminal.c:198: if (send_y < 17)
   045A DD 7E FE      [19]  703 	ld	a, -2 (ix)
   045D D6 11         [ 7]  704 	sub	a, #0x11
   045F 30 09         [12]  705 	jr	NC,00148$
                            706 ;G2GTerminal.c:200: send_y++;
   0461 DD 34 FE      [23]  707 	inc	-2 (ix)
                            708 ;G2GTerminal.c:201: send_x = 6;
   0464 DD 36 FD 06   [19]  709 	ld	-3 (ix), #0x06
   0468 18 69         [12]  710 	jr	00172$
   046A                     711 00148$:
                            712 ;G2GTerminal.c:204: send_x = 26;
   046A DD 36 FD 1A   [19]  713 	ld	-3 (ix), #0x1a
   046E 18 63         [12]  714 	jr	00172$
   0470                     715 00159$:
                            716 ;G2GTerminal.c:207: else if (keyPress & PORT_A_KEY_2) // Send whatever is in our buffer over the link
   0470 DD CB F8 6E   [20]  717 	bit	5, -8 (ix)
   0474 28 5D         [12]  718 	jr	Z,00172$
                            719 ;G2GTerminal.c:209: for (int i = 0; i < index; i++)
   0476 21 00 00      [10]  720 	ld	hl, #0
   0479 39            [11]  721 	add	hl, sp
   047A 4D            [ 4]  722 	ld	c, l
   047B 44            [ 4]  723 	ld	b, h
   047C 11 00 00      [10]  724 	ld	de, #0x0000
   047F                     725 00179$:
   047F DD 7E FC      [19]  726 	ld	a, -4 (ix)
   0482 6F            [ 4]  727 	ld	l, a
   0483 17            [ 4]  728 	rla
   0484 9F            [ 4]  729 	sbc	a, a
   0485 67            [ 4]  730 	ld	h, a
   0486 7B            [ 4]  731 	ld	a, e
   0487 95            [ 4]  732 	sub	a, l
   0488 7A            [ 4]  733 	ld	a, d
   0489 9C            [ 4]  734 	sbc	a, h
   048A E2r8Fr04      [10]  735 	jp	PO, 00394$
   048D EE 80         [ 7]  736 	xor	a, #0x80
   048F                     737 00394$:
   048F F2rA0r04      [10]  738 	jp	P, 00155$
                            739 ;G2GTerminal.c:211: while ((G2G_StatusPort & G2G_BYTE_SENT) != 0);
   0492                     740 00152$:
   0492 DB 05         [11]  741 	in	a, (_G2G_StatusPort)
   0494 0F            [ 4]  742 	rrca
   0495 38 FB         [12]  743 	jr	C,00152$
                            744 ;G2GTerminal.c:212: G2G_TxPort = sendBuffer[i];
   0497 69            [ 4]  745 	ld	l, c
   0498 60            [ 4]  746 	ld	h, b
   0499 19            [11]  747 	add	hl, de
   049A 7E            [ 7]  748 	ld	a, (hl)
   049B D3 03         [11]  749 	out	(_G2G_TxPort), a
                            750 ;G2GTerminal.c:209: for (int i = 0; i < index; i++)
   049D 13            [ 6]  751 	inc	de
   049E 18 DF         [12]  752 	jr	00179$
   04A0                     753 00155$:
                            754 ;G2GTerminal.c:215: index = 0;
   04A0 AF            [ 4]  755 	xor	a, a
   04A1 DD 77 FC      [19]  756 	ld	-4 (ix), a
                            757 ;G2GTerminal.c:216: sendBuffer[index] = '\0';
   04A4 AF            [ 4]  758 	xor	a, a
   04A5 02            [ 7]  759 	ld	(bc), a
                            760 ;G2GTerminal.c:217: send_x = 6;
   04A6 DD 36 FD 06   [19]  761 	ld	-3 (ix), #0x06
                            762 ;G2GTerminal.c:218: send_y = 15;
   04AA DD 36 FE 0F   [19]  763 	ld	-2 (ix), #0x0f
                            764 ;G2GTerminal.c:219: putstring(6, 15, "                    ");
   04AE 21r41r05      [10]  765 	ld	hl, #___str_3
   04B1 E5            [11]  766 	push	hl
   04B2 11 06 0F      [10]  767 	ld	de, #0x0f06
   04B5 D5            [11]  768 	push	de
   04B6 CDr00r00      [17]  769 	call	_putstring
   04B9 F1            [10]  770 	pop	af
                            771 ;G2GTerminal.c:220: putstring(6, 16, "                    ");
   04BA 21r41r05      [10]  772 	ld	hl, #___str_3
   04BD E3            [19]  773 	ex	(sp),hl
   04BE 11 06 10      [10]  774 	ld	de, #0x1006
   04C1 D5            [11]  775 	push	de
   04C2 CDr00r00      [17]  776 	call	_putstring
   04C5 F1            [10]  777 	pop	af
                            778 ;G2GTerminal.c:221: putstring(6, 17, "                    ");
   04C6 21r41r05      [10]  779 	ld	hl, #___str_3
   04C9 E3            [19]  780 	ex	(sp),hl
   04CA 11 06 11      [10]  781 	ld	de, #0x1106
   04CD D5            [11]  782 	push	de
   04CE CDr00r00      [17]  783 	call	_putstring
   04D1 F1            [10]  784 	pop	af
   04D2 F1            [10]  785 	pop	af
   04D3                     786 00172$:
                            787 ;G2GTerminal.c:224: if (--timer == 0)
   04D3 DD 35 EE      [23]  788 	dec	-18 (ix)
   04D6 DD 7E EE      [19]  789 	ld	a, -18 (ix)
   04D9 B7            [ 4]  790 	or	a, a
   04DA 20 0C         [12]  791 	jr	NZ,00174$
                            792 ;G2GTerminal.c:226: blink = !blink;
   04DC DD 7E F9      [19]  793 	ld	a, -7 (ix)
   04DF EE 01         [ 7]  794 	xor	a, #0x01
   04E1 DD 77 F9      [19]  795 	ld	-7 (ix), a
                            796 ;G2GTerminal.c:227: timer = BLINKSPEED;
   04E4 DD 36 EE 0A   [19]  797 	ld	-18 (ix), #0x0a
   04E8                     798 00174$:
                            799 ;G2GTerminal.c:230: if (blink)
   04E8 DD CB F9 46   [20]  800 	bit	0, -7 (ix)
   04EC 28 19         [12]  801 	jr	Z,00176$
                            802 ;G2GTerminal.c:232: SMS_addSprite(char_x * 8, char_y * 8, 96);
   04EE DD 7E FB      [19]  803 	ld	a, -5 (ix)
   04F1 87            [ 4]  804 	add	a, a
   04F2 87            [ 4]  805 	add	a, a
   04F3 87            [ 4]  806 	add	a, a
   04F4 57            [ 4]  807 	ld	d, a
   04F5 DD 7E FA      [19]  808 	ld	a, -6 (ix)
   04F8 87            [ 4]  809 	add	a, a
   04F9 87            [ 4]  810 	add	a, a
   04FA 87            [ 4]  811 	add	a, a
   04FB 47            [ 4]  812 	ld	b, a
   04FC 3E 60         [ 7]  813 	ld	a, #0x60
   04FE F5            [11]  814 	push	af
   04FF 33            [ 6]  815 	inc	sp
   0500 58            [ 4]  816 	ld	e, b
   0501 D5            [11]  817 	push	de
   0502 CDr00r00      [17]  818 	call	_SMS_addSprite
   0505 F1            [10]  819 	pop	af
   0506 33            [ 6]  820 	inc	sp
   0507                     821 00176$:
                            822 ;G2GTerminal.c:235: SMS_copySpritestoSAT();
   0507 CDr00r00      [17]  823 	call	_SMS_copySpritestoSAT
                            824 ;G2GTerminal.c:237: }
   050A C3rFEr00      [10]  825 	jp	00181$
   050D                     826 ___str_0:
   050D 2D 2D 2D 2D 2D 2D   827 	.ascii "--------------------"
        2D 2D 2D 2D 2D 2D
        2D 2D 2D 2D 2D 2D
        2D 2D
   0521 00                  828 	.db 0x00
   0522                     829 ___str_1:
   0522 41 42 43 44 45 46   830 	.ascii "ABCDEFGHIJKLMNOPQRST"
        47 48 49 4A 4B 4C
        4D 4E 4F 50 51 52
        53 54
   0536 00                  831 	.db 0x00
   0537                     832 ___str_2:
   0537 55 56 57 58 59 5A   833 	.ascii "UVWXYZ .<"
        20 2E 3C
   0540 00                  834 	.db 0x00
   0541                     835 ___str_3:
   0541 20 20 20 20 20 20   836 	.ascii "                    "
        20 20 20 20 20 20
        20 20 20 20 20 20
        20 20
   0555 00                  837 	.db 0x00
                            838 	.area _CODE
   0556                     839 __str_4:
   0556 74 68 61 74 61 77   840 	.ascii "thatawesomeguy"
        65 73 6F 6D 65 67
        75 79
   0564 00                  841 	.db 0x00
   0565                     842 __str_5:
   0565 47 32 47 54 65 72   843 	.ascii "G2GTerminal"
        6D 69 6E 61 6C
   0570 00                  844 	.db 0x00
   0571                     845 __str_6:
   0571 32 30 32 31         846 	.ascii "2021"
   0575 00                  847 	.db 0x00
                            848 	.area _INITIALIZER
                            849 	.area _CABS (ABS)
   7FF0                     850 	.org 0x7FF0
   7FF0                     851 ___SMS__SEGA_signature:
   7FF0 54                  852 	.db #0x54	; 84	'T'
   7FF1 4D                  853 	.db #0x4d	; 77	'M'
   7FF2 52                  854 	.db #0x52	; 82	'R'
   7FF3 20                  855 	.db #0x20	; 32
   7FF4 53                  856 	.db #0x53	; 83	'S'
   7FF5 45                  857 	.db #0x45	; 69	'E'
   7FF6 47                  858 	.db #0x47	; 71	'G'
   7FF7 41                  859 	.db #0x41	; 65	'A'
   7FF8 FF                  860 	.db #0xff	; 255
   7FF9 FF                  861 	.db #0xff	; 255
   7FFA FF                  862 	.db #0xff	; 255
   7FFB FF                  863 	.db #0xff	; 255
   7FFC 01                  864 	.db #0x01	; 1
   7FFD 00                  865 	.db #0x00	; 0
   7FFE 00                  866 	.db #0x00	; 0
   7FFF 7C                  867 	.db #0x7c	; 124
   7FD1                     868 	.org 0x7FD1
   7FD1                     869 ___SMS__SDSC_author:
   7FD1 74 68 61 74 61 77   870 	.ascii "thatawesomeguy"
        65 73 6F 6D 65 67
        75 79
   7FDF 00                  871 	.db 0x00
   7FC5                     872 	.org 0x7FC5
   7FC5                     873 ___SMS__SDSC_name:
   7FC5 47 32 47 54 65 72   874 	.ascii "G2GTerminal"
        6D 69 6E 61 6C
   7FD0 00                  875 	.db 0x00
   7FC0                     876 	.org 0x7FC0
   7FC0                     877 ___SMS__SDSC_descr:
   7FC0 32 30 32 31         878 	.ascii "2021"
   7FC4 00                  879 	.db 0x00
   7FE0                     880 	.org 0x7FE0
   7FE0                     881 ___SMS__SDSC_signature:
   7FE0 53                  882 	.db #0x53	; 83	'S'
   7FE1 44                  883 	.db #0x44	; 68	'D'
   7FE2 53                  884 	.db #0x53	; 83	'S'
   7FE3 43                  885 	.db #0x43	; 67	'C'
   7FE4 01                  886 	.db #0x01	; 1
   7FE5 00                  887 	.db #0x00	; 0
   7FE6 00                  888 	.db #0x00	; 0
   7FE7 00                  889 	.db #0x00	; 0
   7FE8 00                  890 	.db #0x00	; 0
   7FE9 00                  891 	.db #0x00	; 0
   7FEA D1                  892 	.db #0xd1	; 209
   7FEB 7F                  893 	.db #0x7f	; 127
   7FEC C5                  894 	.db #0xc5	; 197
   7FED 7F                  895 	.db #0x7f	; 127
   7FEE C0                  896 	.db #0xc0	; 192
   7FEF 7F                  897 	.db #0x7f	; 127
