ASxxxx Linker V03.00 + NoICE + sdld,  page 1.
Hexadecimal  [32-Bits]

Area                                    Addr        Size        Decimal Bytes (Attributes)
--------------------------------        ----        ----        ------- ----- ------------
.  .ABS.                            00000000    00000000 =           0. bytes (ABS,CON)

      Value  Global                              Global Defined In Module
      -----  --------------------------------   ------------------------
     00000000  .__.ABS.                           SMSlib_textrenderer
     00000000  l__BSEG                         
     00000000  l__BSS                          
     00000000  l__CABS                         
     00000000  l__DABS                         
     00000000  l__HEADER                       
     00000000  l__HEAP                         
     00000000  l__HOME                         
     00000000  s__CABS                         
     00000000  s__CABS0                        
     00000000  s__CABS1                        
     00000000  s__CABS2                        
     00000000  s__CABS3                        
     00000000  s__CABS4                        
     00000000  s__DABS                         
     00000000  s__HEADER                       
     00000000  s__HEADER0                      
     00000000  s__HEADER1                      
     00000000  s__HEADER2                      
     00000000  s__HEADER3                      
     00000000  s__HEADER4                      
     00000001  l__GSFINAL                      
     00000005  l__CABS3                        
     00000005  l__INITIALIZED                  
     00000005  l__INITIALIZER                  
     00000008  l__HEADER0                      
     00000009  l__HEADER1                      
     0000000C  l__CABS2                        
     0000000F  l__CABS1                        
     0000000F  l__GSINIT                       
     00000010  l__CABS0                        
     00000010  l__CABS4                        
     00000018  l__HEADER2                      
     0000002B  l__HEADER3                      
     000000CC  l__DATA                         
     00000104  l__HEADER4                      
     00000200  s__CODE                         
     00000C26  l__CODE                         
     00000E26  s__HOME                         
     00000E26  s__INITIALIZER                  
     00000E2B  s__GSINIT                       
     00000E3A  s__GSFINAL                      
     00008000  _SMS_SRAM                          SMSlib_textrenderer
     0000C000  s__DATA                         
     0000C0CC  s__INITIALIZED                  
     0000C0D1  s__BSEG                         
     0000C0D1  s__BSS                          
     0000C0D1  s__HEAP                         
     0000FFFC  _SRAM_bank_to_be_mapped_on_slot2   SMSlib_textrenderer
     0000FFFF  _ROM_bank_to_be_mapped_on_slot2    SMSlib_textrenderer

ASxxxx Linker V03.00 + NoICE + sdld,  page 2.
Hexadecimal  [32-Bits]

Area                                    Addr        Size        Decimal Bytes (Attributes)
--------------------------------        ----        ----        ------- ----- ------------
_CODE                               00000200    00000C26 =        3110. bytes (REL,CON)

      Value  Global                              Global Defined In Module
      -----  --------------------------------   ------------------------
     00000200  _putstring                         G2GTerminal
     0000023A  _cursor_sprite                     G2GTerminal
     0000025A  _main                              G2GTerminal
     00000776  _SMS_VRAMmemset                    SMSlib_VRAMmemset
     00000799  _SMS_VRAMmemsetW                   SMSlib_VRAMmemset
     000007C7  _SMS_init                          SMSlib
     000007F2  _VDPReg_init                       SMSlib
     000007FD  _SMS_VDPturnOnFeature              SMSlib
     00000812  _SMS_VDPturnOffFeature             SMSlib
     0000082A  _SMS_setBGScrollX                  SMSlib
     00000834  _SMS_setBGScrollY                  SMSlib
     0000083E  _SMS_setBackdropColor              SMSlib
     00000848  _SMS_useFirstHalfTilesforSprites   SMSlib
     0000085E  _SMS_setSpriteMode                 SMSlib
     000008AC  _GG_setBGPaletteColor              SMSlib
     000008CC  _GG_setSpritePaletteColor          SMSlib
     000008EC  _GG_loadBGPalette                  SMSlib
     00000901  _GG_loadSpritePalette              SMSlib
     00000916  _SMS_waitForVBlank                 SMSlib
     00000923  _SMS_getKeysStatus                 SMSlib
     00000927  _SMS_getKeysPressed                SMSlib
     00000944  _SMS_getKeysHeld                   SMSlib
     00000958  _SMS_getKeysReleased               SMSlib
     00000975  _SMS_setLineInterruptHandler       SMSlib
     00000979  _SMS_setLineCounter                SMSlib
     00000983  _SMS_getVCount                     SMSlib
     00000987  _SMS_getHCount                     SMSlib
     0000098B  _SMS_isr                           SMSlib
     000009C1  _SMS_nmi_isr                       SMSlib
     000009C3  _SMS_initSprites                   SMSlib_sprite
     000009C9  _SMS_addSprite                     SMSlib_sprite
     000009FC  _SMS_copySpritestoSAT              SMSlib_sprite
     00000A32  _SMS_loadTiles                     SMSlib_loadTiles
     00000A5A  ___sdcc_call_hl                    
     00000A5B  _SMS_autoSetUpTextRenderer         SMSlib_autotext
     00000A9E  _devkitSMS_font__tiles__1bpp       SMSlib_autotext
     00000D9E  _SMS_load1bppTiles                 SMSlib_load1bppTiles
     00000E10  _SMS_configureTextRenderer         SMSlib_textrenderer
     00000E14  _putchar                           SMSlib_textrenderer
ASxxxx Linker V03.00 + NoICE + sdld,  page 3.
Hexadecimal  [32-Bits]

Area                                    Addr        Size        Decimal Bytes (Attributes)
--------------------------------        ----        ----        ------- ----- ------------
_HEADER0                            00000000    00000008 =           8. bytes (ABS,CON)

      Value  Global                              Global Defined In Module
      -----  --------------------------------   ------------------------
ASxxxx Linker V03.00 + NoICE + sdld,  page 4.
Hexadecimal  [32-Bits]

Area                                    Addr        Size        Decimal Bytes (Attributes)
--------------------------------        ----        ----        ------- ----- ------------
_HEADER1                            00000000    00000009 =           9. bytes (ABS,CON)

      Value  Global                              Global Defined In Module
      -----  --------------------------------   ------------------------
     00000008  _SMS_crt0_RST08                    crt0

ASxxxx Linker V03.00 + NoICE + sdld,  page 5.
Hexadecimal  [32-Bits]

Area                                    Addr        Size        Decimal Bytes (Attributes)
--------------------------------        ----        ----        ------- ----- ------------
_HEADER2                            00000000    00000018 =          24. bytes (ABS,CON)

      Value  Global                              Global Defined In Module
      -----  --------------------------------   ------------------------
     00000018  _SMS_crt0_RST18                    crt0

ASxxxx Linker V03.00 + NoICE + sdld,  page 6.
Hexadecimal  [32-Bits]

Area                                    Addr        Size        Decimal Bytes (Attributes)
--------------------------------        ----        ----        ------- ----- ------------
_HEADER3                            00000000    0000002B =          43. bytes (ABS,CON)

      Value  Global                              Global Defined In Module
      -----  --------------------------------   ------------------------
ASxxxx Linker V03.00 + NoICE + sdld,  page 7.
Hexadecimal  [32-Bits]

Area                                    Addr        Size        Decimal Bytes (Attributes)
--------------------------------        ----        ----        ------- ----- ------------
_HEADER4                            00000000    00000104 =         260. bytes (ABS,CON)

      Value  Global                              Global Defined In Module
      -----  --------------------------------   ------------------------
     00000069  _OUTI128                           crt0
     000000E9  _OUTI64                            crt0
     00000129  _OUTI32                            crt0
     00000169  _outi_block                        crt0

ASxxxx Linker V03.00 + NoICE + sdld,  page 8.
Hexadecimal  [32-Bits]

Area                                    Addr        Size        Decimal Bytes (Attributes)
--------------------------------        ----        ----        ------- ----- ------------
_INITIALIZER                        00000E26    00000005 =           5. bytes (REL,CON)

      Value  Global                              Global Defined In Module
      -----  --------------------------------   ------------------------
ASxxxx Linker V03.00 + NoICE + sdld,  page 9.
Hexadecimal  [32-Bits]

Area                                    Addr        Size        Decimal Bytes (Attributes)
--------------------------------        ----        ----        ------- ----- ------------
_GSINIT                             00000E2B    0000000F =          15. bytes (REL,CON)

      Value  Global                              Global Defined In Module
      -----  --------------------------------   ------------------------
     00000E2B  gsinit                             crt0

ASxxxx Linker V03.00 + NoICE + sdld,  page 10.
Hexadecimal  [32-Bits]

Area                                    Addr        Size        Decimal Bytes (Attributes)
--------------------------------        ----        ----        ------- ----- ------------
_GSFINAL                            00000E3A    00000001 =           1. bytes (REL,CON)

      Value  Global                              Global Defined In Module
      -----  --------------------------------   ------------------------
ASxxxx Linker V03.00 + NoICE + sdld,  page 11.
Hexadecimal  [32-Bits]

Area                                    Addr        Size        Decimal Bytes (Attributes)
--------------------------------        ----        ----        ------- ----- ------------
_DATA                               0000C000    000000CC =         204. bytes (REL,CON)

      Value  Global                              Global Defined In Module
      -----  --------------------------------   ------------------------
     0000C000  _VDPBlank                          SMSlib
     0000C001  _SMS_VDPFlags                      SMSlib
     0000C002  _SMS_Port3EBIOSvalue               SMSlib
     0000C003  _KeysStatus                        SMSlib
     0000C005  _PreviousKeysStatus                SMSlib
     0000C007  _SMS_theLineInterruptHandler       SMSlib
     0000C009  _SpriteTableY                      SMSlib_sprite
     0000C049  _SpriteTableXN                     SMSlib_sprite
     0000C0C9  _SpriteNextFree                    SMSlib_sprite
     0000C0CA  _SMS_TextRenderer_offset           SMSlib_textrenderer

ASxxxx Linker V03.00 + NoICE + sdld,  page 12.
Hexadecimal  [32-Bits]

Area                                    Addr        Size        Decimal Bytes (Attributes)
--------------------------------        ----        ----        ------- ----- ------------
_INITIALIZED                        0000C0CC    00000005 =           5. bytes (REL,CON)

      Value  Global                              Global Defined In Module
      -----  --------------------------------   ------------------------
     0000C0CC  _VDPReg                            SMSlib
     0000C0CE  _spritesHeight                     SMSlib
     0000C0CF  _spritesWidth                      SMSlib
     0000C0D0  _spritesTileOffset                 SMSlib

ASxxxx Linker V03.00 + NoICE + sdld,  page 13.
Hexadecimal  [32-Bits]

Area                                    Addr        Size        Decimal Bytes (Attributes)
--------------------------------        ----        ----        ------- ----- ------------
_CABS0                              00000000    00000010 =          16. bytes (ABS,CON)

      Value  Global                              Global Defined In Module
      -----  --------------------------------   ------------------------
     00007FF0  ___SMS__SEGA_signature             G2GTerminal

ASxxxx Linker V03.00 + NoICE + sdld,  page 14.
Hexadecimal  [32-Bits]

Area                                    Addr        Size        Decimal Bytes (Attributes)
--------------------------------        ----        ----        ------- ----- ------------
_CABS1                              00000000    0000000F =          15. bytes (ABS,CON)

      Value  Global                              Global Defined In Module
      -----  --------------------------------   ------------------------
     00007FD1  ___SMS__SDSC_author                G2GTerminal

ASxxxx Linker V03.00 + NoICE + sdld,  page 15.
Hexadecimal  [32-Bits]

Area                                    Addr        Size        Decimal Bytes (Attributes)
--------------------------------        ----        ----        ------- ----- ------------
_CABS2                              00000000    0000000C =          12. bytes (ABS,CON)

      Value  Global                              Global Defined In Module
      -----  --------------------------------   ------------------------
     00007FC5  ___SMS__SDSC_name                  G2GTerminal

ASxxxx Linker V03.00 + NoICE + sdld,  page 16.
Hexadecimal  [32-Bits]

Area                                    Addr        Size        Decimal Bytes (Attributes)
--------------------------------        ----        ----        ------- ----- ------------
_CABS3                              00000000    00000005 =           5. bytes (ABS,CON)

      Value  Global                              Global Defined In Module
      -----  --------------------------------   ------------------------
     00007FC0  ___SMS__SDSC_descr                 G2GTerminal

ASxxxx Linker V03.00 + NoICE + sdld,  page 17.
Hexadecimal  [32-Bits]

Area                                    Addr        Size        Decimal Bytes (Attributes)
--------------------------------        ----        ----        ------- ----- ------------
_CABS4                              00000000    00000010 =          16. bytes (ABS,CON)

      Value  Global                              Global Defined In Module
      -----  --------------------------------   ------------------------
     00007FE0  ___SMS__SDSC_signature             G2GTerminal

ASxxxx Linker V03.00 + NoICE + sdld,  page 18.

Files Linked                              [ module(s) ]

crt0_sms.rel                              [ crt0 ]
G2GTerminal.rel                           [ G2GTerminal ]


Libraries Linked                          [ object file ]

C:\Program Files\SDCC\bin\..\lib\z80/SMSlib_GG.lib
                                          [ SMSlib_VRAMmemset.rel ]
C:\Program Files\SDCC\bin\..\lib\z80/SMSlib_GG.lib
                                          [ SMSlib_GG.rel ]
C:\Program Files\SDCC\bin\..\lib\z80/SMSlib_GG.lib
                                          [ SMSlib_sprite.rel ]
C:\Program Files\SDCC\bin\..\lib\z80/SMSlib_GG.lib
                                          [ SMSlib_loadTiles.rel ]
C:\Program Files\SDCC\bin\..\lib\z80/z80.lib
                                          [ __sdcc_call_hl.rel ]
C:\Program Files\SDCC\bin\..\lib\z80/SMSlib_GG.lib
                                          [ SMSlib_autotext_GG.rel ]
C:\Program Files\SDCC\bin\..\lib\z80/SMSlib_GG.lib
                                          [ SMSlib_load1bppTiles.rel ]
C:\Program Files\SDCC\bin\..\lib\z80/SMSlib_GG.lib
                                          [ SMSlib_textrenderer.rel ]

ASxxxx Linker V03.00 + NoICE + sdld,  page 19.

User Base Address Definitions

_CODE = 0x0200
_DATA = 0xc000

